2026-10-08 10:08:35,028 - aqt.helper - DEBUG - helper 5852 Attempt to download checksum at https://download.qt.io/online/qtsdkrepository/windows_x86/desktop/qt6_683/qt6_683/Updates.xml.sha256
2026-10-08 10:09:34,984 - aqt.main - INFO - installer 9736 aqtinstall(aqt) v3.3.0 on Python 3.10.6 [CPython MSC v.1932 64 bit (AMD64)]
2026-10-08 10:09:34,985 - aqt.helper - DEBUG - helper 9736 Attempt to download checksum at https://download.qt.io/online/qtsdkrepository/windows_x86/desktop/qt6_683/qt6_683/Updates.xml.sha256
2026-10-08 10:09:38,697 - aqt.helper - DEBUG - helper 9736 Attempt to download checksum at https://download.qt.io/online/qtsdkrepository/windows_x86/extensions/qtwebengine/683/msvc2022_64/Updates.xml.sha256
2026-10-08 10:09:42,525 - aqt.archives - INFO - archives 9736 Found extension qtwebengine
2026-10-08 10:09:42,525 - aqt.helper - DEBUG - helper 9736 Attempt to download checksum at https://download.qt.io/online/qtsdkrepository/windows_x86/extensions/qtpdf/683/msvc2022_64/Updates.xml.sha256
2026-10-08 10:09:48,312 - aqt.archives - INFO - archives 9736 Found extension qtpdf
2026-10-08 10:09:49,014 - aqt.helper - DEBUG - helper 29876 Attempt to download checksum at https://download.qt.io/online/qtsdkrepository/windows_x86/desktop/qt6_683/qt6_683/qt.qt6.683.win64_msvc2022_64/6.8.3-0-202503201308qtbase-Windows-Windows_11_23H2-MSVC2022-Windows-Windows_11_23H2-X86_64.7z.sha256
2026-10-08 10:09:49,014 - aqt.helper - DEBUG - helper 25588 Attempt to download checksum at https://download.qt.io/online/qtsdkrepository/windows_x86/desktop/qt6_683/qt6_683/qt.qt6.683.win64_msvc2022_64/6.8.3-0-202503201308qtdeclarative-Windows-Windows_11_23H2-MSVC2022-Windows-Windows_11_23H2-X86_64.7z.sha256
2026-10-08 10:09:50,513 - aqt.helper - INFO - helper 29876 Downloading qtbase...
2026-10-08 10:09:50,513 - aqt.installer - DEBUG - installer 29876 Download URL: https://download.qt.io/online/qtsdkrepository/windows_x86/desktop/qt6_683/qt6_683/qt.qt6.683.win64_msvc2022_64/6.8.3-0-202503201308qtbase-Windows-Windows_11_23H2-MSVC2022-Windows-Windows_11_23H2-X86_64.7z
2026-10-08 10:09:51,137 - aqt.helper - INFO - helper 25588 Downloading qtdeclarative...
2026-10-08 10:09:51,137 - aqt.installer - DEBUG - installer 25588 Download URL: https://download.qt.io/online/qtsdkrepository/windows_x86/desktop/qt6_683/qt6_683/qt.qt6.683.win64_msvc2022_64/6.8.3-0-202503201308qtdeclarative-Windows-Windows_11_23H2-MSVC2022-Windows-Windows_11_23H2-X86_64.7z
2026-10-08 10:09:51,996 - aqt.helper - DEBUG - helper 29876 Asked to redirect(302) to: https://qt.mirror.constant.com/online/qtsdkrepository/windows_x86/desktop/qt6_683/qt6_683/qt.qt6.683.win64_msvc2022_64/6.8.3-0-202503201308qtbase-Windows-Windows_11_23H2-MSVC2022-Windows-Windows_11_23H2-X86_64.7z
2026-10-08 10:09:51,996 - aqt.helper - INFO - helper 29876 Redirected: qt.mirror.constant.com
2026-10-08 10:09:52,652 - aqt.helper - DEBUG - helper 25588 Asked to redirect(302) to: https://qt.mirror.constant.com/online/qtsdkrepository/windows_x86/desktop/qt6_683/qt6_683/qt.qt6.683.win64_msvc2022_64/6.8.3-0-202503201308qtdeclarative-Windows-Windows_11_23H2-MSVC2022-Windows-Windows_11_23H2-X86_64.7z
2026-10-08 10:09:52,652 - aqt.helper - INFO - helper 25588 Redirected: qt.mirror.constant.com
2026-10-08 10:11:09,214 - aqt.installer - INFO - installer 29876 Finished installation of qtbase-Windows-Windows_11_23H2-MSVC2022-Windows-Windows_11_23H2-X86_64.7z in 80.20187250
2026-10-08 10:15:56,191 - aqt.installer - INFO - installer 25588 Finished installation of qtdeclarative-Windows-Windows_11_23H2-MSVC2022-Windows-Windows_11_23H2-X86_64.7z in 367.17808300
2026-10-08 10:15:56,553 - aqt.updater - INFO - updater 9736 Patching .tools\qt\6.8.3\msvc2022_64\bin\qmake.exe
2026-10-08 10:15:56,557 - aqt.updater - INFO - updater 9736 Patching .tools\qt\6.8.3\msvc2022_64\lib\Qt6Concurrent.prl
2026-10-08 10:15:56,563 - aqt.updater - INFO - updater 9736 Patching .tools\qt\6.8.3\msvc2022_64\lib\Qt6Concurrentd.prl
2026-10-08 10:15:56,568 - aqt.updater - INFO - updater 9736 Patching .tools\qt\6.8.3\msvc2022_64\lib\Qt6Core.prl
2026-10-08 10:15:56,574 - aqt.updater - INFO - updater 9736 Patching .tools\qt\6.8.3\msvc2022_64\lib\Qt6Cored.prl
2026-10-08 10:15:56,581 - aqt.updater - INFO - updater 9736 Patching .tools\qt\6.8.3\msvc2022_64\lib\Qt6DBus.prl
2026-10-08 10:15:56,587 - aqt.updater - INFO - updater 9736 Patching .tools\qt\6.8.3\msvc2022_64\lib\Qt6DBusd.prl
2026-10-08 10:15:56,593 - aqt.updater - INFO - updater 9736 Patching .tools\qt\6.8.3\msvc2022_64\lib\Qt6DeviceDiscoverySupport.prl
2026-10-08 10:15:56,598 - aqt.updater - INFO - updater 9736 Patching .tools\qt\6.8.3\msvc2022_64\lib\Qt6DeviceDiscoverySupportd.prl
2026-10-08 10:15:56,606 - aqt.updater - INFO - updater 9736 Patching .tools\qt\6.8.3\msvc2022_64\lib\Qt6EntryPoint.prl
2026-10-08 10:15:56,612 - aqt.updater - INFO - updater 9736 Patching .tools\qt\6.8.3\msvc2022_64\lib\Qt6EntryPointd.prl
2026-10-08 10:15:56,617 - aqt.updater - INFO - updater 9736 Patching .tools\qt\6.8.3\msvc2022_64\lib\Qt6ExampleIcons.prl
2026-10-08 10:15:56,622 - aqt.updater - INFO - updater 9736 Patching .tools\qt\6.8.3\msvc2022_64\lib\Qt6ExampleIconsd.prl
2026-10-08 10:15:56,628 - aqt.updater - INFO - updater 9736 Patching .tools\qt\6.8.3\msvc2022_64\lib\Qt6ExamplesAssetDownloader.prl
2026-10-08 10:15:56,635 - aqt.updater - INFO - updater 9736 Patching .tools\qt\6.8.3\msvc2022_64\lib\Qt6ExamplesAssetDownloaderd.prl
2026-10-08 10:15:56,642 - aqt.updater - INFO - updater 9736 Patching .tools\qt\6.8.3\msvc2022_64\lib\Qt6FbSupport.prl
2026-10-08 10:15:56,648 - aqt.updater - INFO - updater 9736 Patching .tools\qt\6.8.3\msvc2022_64\lib\Qt6FbSupportd.prl
2026-10-08 10:15:56,654 - aqt.updater - INFO - updater 9736 Patching .tools\qt\6.8.3\msvc2022_64\lib\Qt6Gui.prl
2026-10-08 10:15:56,660 - aqt.updater - INFO - updater 9736 Patching .tools\qt\6.8.3\msvc2022_64\lib\Qt6Guid.prl
2026-10-08 10:15:56,666 - aqt.updater - INFO - updater 9736 Patching .tools\qt\6.8.3\msvc2022_64\lib\Qt6LabsAnimation.prl
2026-10-08 10:15:56,672 - aqt.updater - INFO - updater 9736 Patching .tools\qt\6.8.3\msvc2022_64\lib\Qt6LabsAnimationd.prl
2026-10-08 10:15:56,677 - aqt.updater - INFO - updater 9736 Patching .tools\qt\6.8.3\msvc2022_64\lib\Qt6LabsFolderListModel.prl
2026-10-08 10:15:56,682 - aqt.updater - INFO - updater 9736 Patching .tools\qt\6.8.3\msvc2022_64\lib\Qt6LabsFolderListModeld.prl
2026-10-08 10:15:56,688 - aqt.updater - INFO - updater 9736 Patching .tools\qt\6.8.3\msvc2022_64\lib\Qt6LabsPlatform.prl
2026-10-08 10:15:56,694 - aqt.updater - INFO - updater 9736 Patching .tools\qt\6.8.3\msvc2022_64\lib\Qt6LabsPlatformd.prl
2026-10-08 10:15:56,699 - aqt.updater - INFO - updater 9736 Patching .tools\qt\6.8.3\msvc2022_64\lib\Qt6LabsQmlModels.prl
2026-10-08 10:15:56,705 - aqt.updater - INFO - updater 9736 Patching .tools\qt\6.8.3\msvc2022_64\lib\Qt6LabsQmlModelsd.prl
2026-10-08 10:15:56,710 - aqt.updater - INFO - updater 9736 Patching .tools\qt\6.8.3\msvc2022_64\lib\Qt6LabsSettings.prl
2026-10-08 10:15:56,717 - aqt.updater - INFO - updater 9736 Patching .tools\qt\6.8.3\msvc2022_64\lib\Qt6LabsSettingsd.prl
2026-10-08 10:15:56,722 - aqt.updater - INFO - updater 9736 Patching .tools\qt\6.8.3\msvc2022_64\lib\Qt6LabsSharedImage.prl
2026-10-08 10:15:56,728 - aqt.updater - INFO - updater 9736 Patching .tools\qt\6.8.3\msvc2022_64\lib\Qt6LabsSharedImaged.prl
2026-10-08 10:15:56,733 - aqt.updater - INFO - updater 9736 Patching .tools\qt\6.8.3\msvc2022_64\lib\Qt6LabsWavefrontMesh.prl
2026-10-08 10:15:56,739 - aqt.updater - INFO - updater 9736 Patching .tools\qt\6.8.3\msvc2022_64\lib\Qt6LabsWavefrontMeshd.prl
2026-10-08 10:15:56,745 - aqt.updater - INFO - updater 9736 Patching .tools\qt\6.8.3\msvc2022_64\lib\Qt6Network.prl
2026-10-08 10:15:56,752 - aqt.updater - INFO - updater 9736 Patching .tools\qt\6.8.3\msvc2022_64\lib\Qt6Networkd.prl
2026-10-08 10:15:56,757 - aqt.updater - INFO - updater 9736 Patching .tools\qt\6.8.3\msvc2022_64\lib\Qt6OpenGL.prl
2026-10-08 10:15:56,762 - aqt.updater - INFO - updater 9736 Patching .tools\qt\6.8.3\msvc2022_64\lib\Qt6OpenGLd.prl
2026-10-08 10:15:56,768 - aqt.updater - INFO - updater 9736 Patching .tools\qt\6.8.3\msvc2022_64\lib\Qt6OpenGLWidgets.prl
2026-10-08 10:15:56,773 - aqt.updater - INFO - updater 9736 Patching .tools\qt\6.8.3\msvc2022_64\lib\Qt6OpenGLWidgetsd.prl
2026-10-08 10:15:56,797 - aqt.updater - INFO - updater 9736 Patching .tools\qt\6.8.3\msvc2022_64\lib\Qt6PacketProtocol.prl
2026-10-08 10:15:56,804 - aqt.updater - INFO - updater 9736 Patching .tools\qt\6.8.3\msvc2022_64\lib\Qt6PacketProtocold.prl
2026-10-08 10:15:56,810 - aqt.updater - INFO - updater 9736 Patching .tools\qt\6.8.3\msvc2022_64\lib\Qt6PrintSupport.prl
2026-10-08 10:15:56,816 - aqt.updater - INFO - updater 9736 Patching .tools\qt\6.8.3\msvc2022_64\lib\Qt6PrintSupportd.prl
2026-10-08 10:15:56,822 - aqt.updater - INFO - updater 9736 Patching .tools\qt\6.8.3\msvc2022_64\lib\Qt6Qml.prl
2026-10-08 10:15:56,827 - aqt.updater - INFO - updater 9736 Patching .tools\qt\6.8.3\msvc2022_64\lib\Qt6QmlAssetDownloader.prl
2026-10-08 10:15:56,834 - aqt.updater - INFO - updater 9736 Patching .tools\qt\6.8.3\msvc2022_64\lib\Qt6QmlAssetDownloaderd.prl
2026-10-08 10:15:56,839 - aqt.updater - INFO - updater 9736 Patching .tools\qt\6.8.3\msvc2022_64\lib\Qt6QmlCompiler.prl
2026-10-08 10:15:56,845 - aqt.updater - INFO - updater 9736 Patching .tools\qt\6.8.3\msvc2022_64\lib\Qt6QmlCompilerd.prl
2026-10-08 10:15:56,851 - aqt.updater - INFO - updater 9736 Patching .tools\qt\6.8.3\msvc2022_64\lib\Qt6QmlCore.prl
2026-10-08 10:15:56,856 - aqt.updater - INFO - updater 9736 Patching .tools\qt\6.8.3\msvc2022_64\lib\Qt6QmlCored.prl
2026-10-08 10:15:56,861 - aqt.updater - INFO - updater 9736 Patching .tools\qt\6.8.3\msvc2022_64\lib\Qt6Qmld.prl
2026-10-08 10:15:56,867 - aqt.updater - INFO - updater 9736 Patching .tools\qt\6.8.3\msvc2022_64\lib\Qt6QmlDebug.prl
2026-10-08 10:15:56,872 - aqt.updater - INFO - updater 9736 Patching .tools\qt\6.8.3\msvc2022_64\lib\Qt6QmlDebugd.prl
2026-10-08 10:15:56,878 - aqt.updater - INFO - updater 9736 Patching .tools\qt\6.8.3\msvc2022_64\lib\Qt6QmlDom.prl
2026-10-08 10:15:56,883 - aqt.updater - INFO - updater 9736 Patching .tools\qt\6.8.3\msvc2022_64\lib\Qt6QmlDomd.prl
2026-10-08 10:15:56,889 - aqt.updater - INFO - updater 9736 Patching .tools\qt\6.8.3\msvc2022_64\lib\Qt6QmlLocalStorage.prl
2026-10-08 10:15:56,895 - aqt.updater - INFO - updater 9736 Patching .tools\qt\6.8.3\msvc2022_64\lib\Qt6QmlLocalStoraged.prl
2026-10-08 10:15:56,900 - aqt.updater - INFO - updater 9736 Patching .tools\qt\6.8.3\msvc2022_64\lib\Qt6QmlLS.prl
2026-10-08 10:15:56,905 - aqt.updater - INFO - updater 9736 Patching .tools\qt\6.8.3\msvc2022_64\lib\Qt6QmlLSd.prl
2026-10-08 10:15:56,910 - aqt.updater - INFO - updater 9736 Patching .tools\qt\6.8.3\msvc2022_64\lib\Qt6QmlMeta.prl
2026-10-08 10:15:56,917 - aqt.updater - INFO - updater 9736 Patching .tools\qt\6.8.3\msvc2022_64\lib\Qt6QmlMetad.prl
2026-10-08 10:15:56,922 - aqt.updater - INFO - updater 9736 Patching .tools\qt\6.8.3\msvc2022_64\lib\Qt6QmlModels.prl
2026-10-08 10:15:56,928 - aqt.updater - INFO - updater 9736 Patching .tools\qt\6.8.3\msvc2022_64\lib\Qt6QmlModelsd.prl
2026-10-08 10:15:56,932 - aqt.updater - INFO - updater 9736 Patching .tools\qt\6.8.3\msvc2022_64\lib\Qt6QmlNetwork.prl
2026-10-08 10:15:56,938 - aqt.updater - INFO - updater 9736 Patching .tools\qt\6.8.3\msvc2022_64\lib\Qt6QmlNetworkd.prl
2026-10-08 10:15:56,944 - aqt.updater - INFO - updater 9736 Patching .tools\qt\6.8.3\msvc2022_64\lib\Qt6QmlToolingSettings.prl
2026-10-08 10:15:56,949 - aqt.updater - INFO - updater 9736 Patching .tools\qt\6.8.3\msvc2022_64\lib\Qt6QmlToolingSettingsd.prl
2026-10-08 10:15:56,954 - aqt.updater - INFO - updater 9736 Patching .tools\qt\6.8.3\msvc2022_64\lib\Qt6QmlTypeRegistrar.prl
2026-10-08 10:15:56,960 - aqt.updater - INFO - updater 9736 Patching .tools\qt\6.8.3\msvc2022_64\lib\Qt6QmlTypeRegistrard.prl
2026-10-08 10:15:56,966 - aqt.updater - INFO - updater 9736 Patching .tools\qt\6.8.3\msvc2022_64\lib\Qt6QmlWorkerScript.prl
2026-10-08 10:15:56,972 - aqt.updater - INFO - updater 9736 Patching .tools\qt\6.8.3\msvc2022_64\lib\Qt6QmlWorkerScriptd.prl
2026-10-08 10:15:56,978 - aqt.updater - INFO - updater 9736 Patching .tools\qt\6.8.3\msvc2022_64\lib\Qt6QmlXmlListModel.prl
2026-10-08 10:15:56,983 - aqt.updater - INFO - updater 9736 Patching .tools\qt\6.8.3\msvc2022_64\lib\Qt6QmlXmlListModeld.prl
2026-10-08 10:15:56,990 - aqt.updater - INFO - updater 9736 Patching .tools\qt\6.8.3\msvc2022_64\lib\Qt6Quick.prl
2026-10-08 10:15:56,998 - aqt.updater - INFO - updater 9736 Patching .tools\qt\6.8.3\msvc2022_64\lib\Qt6QuickControls2.prl
2026-10-08 10:15:57,004 - aqt.updater - INFO - updater 9736 Patching .tools\qt\6.8.3\msvc2022_64\lib\Qt6QuickControls2Basic.prl
2026-10-08 10:15:57,009 - aqt.updater - INFO - updater 9736 Patching .tools\qt\6.8.3\msvc2022_64\lib\Qt6QuickControls2Basicd.prl
2026-10-08 10:15:57,015 - aqt.updater - INFO - updater 9736 Patching .tools\qt\6.8.3\msvc2022_64\lib\Qt6QuickControls2BasicStyleImpl.prl
2026-10-08 10:15:57,021 - aqt.updater - INFO - updater 9736 Patching .tools\qt\6.8.3\msvc2022_64\lib\Qt6QuickControls2BasicStyleImpld.prl
2026-10-08 10:15:57,026 - aqt.updater - INFO - updater 9736 Patching .tools\qt\6.8.3\msvc2022_64\lib\Qt6QuickControls2d.prl
2026-10-08 10:15:57,032 - aqt.updater - INFO - updater 9736 Patching .tools\qt\6.8.3\msvc2022_64\lib\Qt6QuickControls2FluentWinUI3StyleImpl.prl
2026-10-08 10:15:57,037 - aqt.updater - INFO - updater 9736 Patching .tools\qt\6.8.3\msvc2022_64\lib\Qt6QuickControls2FluentWinUI3StyleImpld.prl
2026-10-08 10:15:57,043 - aqt.updater - INFO - updater 9736 Patching .tools\qt\6.8.3\msvc2022_64\lib\Qt6QuickControls2Fusion.prl
2026-10-08 10:15:57,049 - aqt.updater - INFO - updater 9736 Patching .tools\qt\6.8.3\msvc2022_64\lib\Qt6QuickControls2Fusiond.prl
2026-10-08 10:15:57,054 - aqt.updater - INFO - updater 9736 Patching .tools\qt\6.8.3\msvc2022_64\lib\Qt6QuickControls2FusionStyleImpl.prl
2026-10-08 10:15:57,060 - aqt.updater - INFO - updater 9736 Patching .tools\qt\6.8.3\msvc2022_64\lib\Qt6QuickControls2FusionStyleImpld.prl
2026-10-08 10:15:57,065 - aqt.updater - INFO - updater 9736 Patching .tools\qt\6.8.3\msvc2022_64\lib\Qt6QuickControls2Imagine.prl
2026-10-08 10:15:57,071 - aqt.updater - INFO - updater 9736 Patching .tools\qt\6.8.3\msvc2022_64\lib\Qt6QuickControls2Imagined.prl
2026-10-08 10:15:57,076 - aqt.updater - INFO - updater 9736 Patching .tools\qt\6.8.3\msvc2022_64\lib\Qt6QuickControls2ImagineStyleImpl.prl
2026-10-08 10:15:57,082 - aqt.updater - INFO - updater 9736 Patching .tools\qt\6.8.3\msvc2022_64\lib\Qt6QuickControls2ImagineStyleImpld.prl
2026-10-08 10:15:57,088 - aqt.updater - INFO - updater 9736 Patching .tools\qt\6.8.3\msvc2022_64\lib\Qt6QuickControls2Impl.prl
2026-10-08 10:15:57,092 - aqt.updater - INFO - updater 9736 Patching .tools\qt\6.8.3\msvc2022_64\lib\Qt6QuickControls2Impld.prl
2026-10-08 10:15:57,098 - aqt.updater - INFO - updater 9736 Patching .tools\qt\6.8.3\msvc2022_64\lib\Qt6QuickControls2Material.prl
2026-10-08 10:15:57,104 - aqt.updater - INFO - updater 9736 Patching .tools\qt\6.8.3\msvc2022_64\lib\Qt6QuickControls2Materiald.prl
2026-10-08 10:15:57,110 - aqt.updater - INFO - updater 9736 Patching .tools\qt\6.8.3\msvc2022_64\lib\Qt6QuickControls2MaterialStyleImpl.prl
2026-10-08 10:15:57,116 - aqt.updater - INFO - updater 9736 Patching .tools\qt\6.8.3\msvc2022_64\lib\Qt6QuickControls2MaterialStyleImpld.prl
2026-10-08 10:15:57,124 - aqt.updater - INFO - updater 9736 Patching .tools\qt\6.8.3\msvc2022_64\lib\Qt6QuickControls2Universal.prl
2026-10-08 10:15:57,130 - aqt.updater - INFO - updater 9736 Patching .tools\qt\6.8.3\msvc2022_64\lib\Qt6QuickControls2Universald.prl
2026-10-08 10:15:57,136 - aqt.updater - INFO - updater 9736 Patching .tools\qt\6.8.3\msvc2022_64\lib\Qt6QuickControls2UniversalStyleImpl.prl
2026-10-08 10:15:57,141 - aqt.updater - INFO - updater 9736 Patching .tools\qt\6.8.3\msvc2022_64\lib\Qt6QuickControls2UniversalStyleImpld.prl
2026-10-08 10:15:57,148 - aqt.updater - INFO - updater 9736 Patching .tools\qt\6.8.3\msvc2022_64\lib\Qt6QuickControls2WindowsStyleImpl.prl
2026-10-08 10:15:57,154 - aqt.updater - INFO - updater 9736 Patching .tools\qt\6.8.3\msvc2022_64\lib\Qt6QuickControls2WindowsStyleImpld.prl
2026-10-08 10:15:57,161 - aqt.updater - INFO - updater 9736 Patching .tools\qt\6.8.3\msvc2022_64\lib\Qt6QuickControlsTestUtils.prl
2026-10-08 10:15:57,166 - aqt.updater - INFO - updater 9736 Patching .tools\qt\6.8.3\msvc2022_64\lib\Qt6QuickControlsTestUtilsd.prl
2026-10-08 10:15:57,172 - aqt.updater - INFO - updater 9736 Patching .tools\qt\6.8.3\msvc2022_64\lib\Qt6Quickd.prl
2026-10-08 10:15:57,177 - aqt.updater - INFO - updater 9736 Patching .tools\qt\6.8.3\msvc2022_64\lib\Qt6QuickDialogs2.prl
2026-10-08 10:15:57,183 - aqt.updater - INFO - updater 9736 Patching .tools\qt\6.8.3\msvc2022_64\lib\Qt6QuickDialogs2d.prl
2026-10-08 10:15:57,189 - aqt.updater - INFO - updater 9736 Patching .tools\qt\6.8.3\msvc2022_64\lib\Qt6QuickDialogs2QuickImpl.prl
2026-10-08 10:15:57,194 - aqt.updater - INFO - updater 9736 Patching .tools\qt\6.8.3\msvc2022_64\lib\Qt6QuickDialogs2QuickImpld.prl
2026-10-08 10:15:57,201 - aqt.updater - INFO - updater 9736 Patching .tools\qt\6.8.3\msvc2022_64\lib\Qt6QuickDialogs2Utils.prl
2026-10-08 10:15:57,207 - aqt.updater - INFO - updater 9736 Patching .tools\qt\6.8.3\msvc2022_64\lib\Qt6QuickDialogs2Utilsd.prl
2026-10-08 10:15:57,212 - aqt.updater - INFO - updater 9736 Patching .tools\qt\6.8.3\msvc2022_64\lib\Qt6QuickEffects.prl
2026-10-08 10:15:57,218 - aqt.updater - INFO - updater 9736 Patching .tools\qt\6.8.3\msvc2022_64\lib\Qt6QuickEffectsd.prl
2026-10-08 10:15:57,224 - aqt.updater - INFO - updater 9736 Patching .tools\qt\6.8.3\msvc2022_64\lib\Qt6QuickLayouts.prl
2026-10-08 10:15:57,230 - aqt.updater - INFO - updater 9736 Patching .tools\qt\6.8.3\msvc2022_64\lib\Qt6QuickLayoutsd.prl
2026-10-08 10:15:57,235 - aqt.updater - INFO - updater 9736 Patching .tools\qt\6.8.3\msvc2022_64\lib\Qt6QuickParticles.prl
2026-10-08 10:15:57,240 - aqt.updater - INFO - updater 9736 Patching .tools\qt\6.8.3\msvc2022_64\lib\Qt6QuickParticlesd.prl
2026-10-08 10:15:57,247 - aqt.updater - INFO - updater 9736 Patching .tools\qt\6.8.3\msvc2022_64\lib\Qt6QuickShapes.prl
2026-10-08 10:15:57,253 - aqt.updater - INFO - updater 9736 Patching .tools\qt\6.8.3\msvc2022_64\lib\Qt6QuickShapesd.prl
2026-10-08 10:15:57,259 - aqt.updater - INFO - updater 9736 Patching .tools\qt\6.8.3\msvc2022_64\lib\Qt6QuickTemplates2.prl
2026-10-08 10:15:57,265 - aqt.updater - INFO - updater 9736 Patching .tools\qt\6.8.3\msvc2022_64\lib\Qt6QuickTemplates2d.prl
2026-10-08 10:15:57,271 - aqt.updater - INFO - updater 9736 Patching .tools\qt\6.8.3\msvc2022_64\lib\Qt6QuickTest.prl
2026-10-08 10:15:57,276 - aqt.updater - INFO - updater 9736 Patching .tools\qt\6.8.3\msvc2022_64\lib\Qt6QuickTestd.prl
2026-10-08 10:15:57,282 - aqt.updater - INFO - updater 9736 Patching .tools\qt\6.8.3\msvc2022_64\lib\Qt6QuickTestUtils.prl
2026-10-08 10:15:57,289 - aqt.updater - INFO - updater 9736 Patching .tools\qt\6.8.3\msvc2022_64\lib\Qt6QuickTestUtilsd.prl
2026-10-08 10:15:57,296 - aqt.updater - INFO - updater 9736 Patching .tools\qt\6.8.3\msvc2022_64\lib\Qt6QuickVectorImage.prl
2026-10-08 10:15:57,301 - aqt.updater - INFO - updater 9736 Patching .tools\qt\6.8.3\msvc2022_64\lib\Qt6QuickVectorImaged.prl
2026-10-08 10:15:57,306 - aqt.updater - INFO - updater 9736 Patching .tools\qt\6.8.3\msvc2022_64\lib\Qt6QuickVectorImageGenerator.prl
2026-10-08 10:15:57,311 - aqt.updater - INFO - updater 9736 Patching .tools\qt\6.8.3\msvc2022_64\lib\Qt6QuickVectorImageGeneratord.prl
2026-10-08 10:15:57,317 - aqt.updater - INFO - updater 9736 Patching .tools\qt\6.8.3\msvc2022_64\lib\Qt6QuickWidgets.prl
2026-10-08 10:15:57,324 - aqt.updater - INFO - updater 9736 Patching .tools\qt\6.8.3\msvc2022_64\lib\Qt6QuickWidgetsd.prl
2026-10-08 10:15:57,330 - aqt.updater - INFO - updater 9736 Patching .tools\qt\6.8.3\msvc2022_64\lib\Qt6Sql.prl
2026-10-08 10:15:57,336 - aqt.updater - INFO - updater 9736 Patching .tools\qt\6.8.3\msvc2022_64\lib\Qt6Sqld.prl
2026-10-08 10:15:57,341 - aqt.updater - INFO - updater 9736 Patching .tools\qt\6.8.3\msvc2022_64\lib\Qt6Test.prl
2026-10-08 10:15:57,347 - aqt.updater - INFO - updater 9736 Patching .tools\qt\6.8.3\msvc2022_64\lib\Qt6Testd.prl
2026-10-08 10:15:57,352 - aqt.updater - INFO - updater 9736 Patching .tools\qt\6.8.3\msvc2022_64\lib\Qt6Widgets.prl
2026-10-08 10:15:57,357 - aqt.updater - INFO - updater 9736 Patching .tools\qt\6.8.3\msvc2022_64\lib\Qt6Widgetsd.prl
2026-10-08 10:15:57,362 - aqt.updater - INFO - updater 9736 Patching .tools\qt\6.8.3\msvc2022_64\lib\Qt6Xml.prl
2026-10-08 10:15:57,368 - aqt.updater - INFO - updater 9736 Patching .tools\qt\6.8.3\msvc2022_64\lib\Qt6Xmld.prl
2026-10-08 10:15:57,373 - aqt.main - INFO - installer 9736 Finished installation
2026-10-08 10:15:57,373 - aqt.main - INFO - installer 9736 Time elapsed: 382.38877220 second
